Copyright 1986-2022 Xilinx, Inc. All Rights Reserved. Copyright 2022-2023 Advanced Micro Devices, Inc. All Rights Reserved.
---------------------------------------------------------------------------------------------------------------------------------------------
| Tool Version : Vivado v.2023.2 (win64) Build 4029153 Fri Oct 13 20:14:34 MDT 2023
| Date         : Thu Apr  4 11:20:35 2024
| Host         : Laptop-Ben-T running 64-bit major release  (build 9200)
| Command      : report_control_sets -verbose -file Videokaart_full_control_sets_placed.rpt
| Design       : Videokaart_full
| Device       : xc7a35t
---------------------------------------------------------------------------------------------------------------------------------------------

Control Set Information

Table of Contents
-----------------
1. Summary
2. Histogram
3. Flip-Flop Distribution
4. Detailed Control Set Information

1. Summary
----------

+----------------------------------------------------------+-------+
|                          Status                          | Count |
+----------------------------------------------------------+-------+
| Total control sets                                       |   193 |
|    Minimum number of control sets                        |   193 |
|    Addition due to synthesis replication                 |     0 |
|    Addition due to physical synthesis replication        |     0 |
| Unused register locations in slices containing registers |   965 |
+----------------------------------------------------------+-------+
* Control sets can be merged at opt_design using control_set_merge or merge_equivalent_drivers
** Run report_qor_suggestions for automated merging and remapping suggestions


2. Histogram
------------

+--------------------+-------+
|       Fanout       | Count |
+--------------------+-------+
| Total control sets |   193 |
| >= 0 to < 4        |     3 |
| >= 4 to < 6        |     2 |
| >= 6 to < 8        |     0 |
| >= 8 to < 10       |     3 |
| >= 10 to < 12      |    74 |
| >= 12 to < 14      |     0 |
| >= 14 to < 16      |     0 |
| >= 16              |   111 |
+--------------------+-------+
* Control sets can be remapped at either synth_design or opt_design


3. Flip-Flop Distribution
-------------------------

+--------------+-----------------------+------------------------+-----------------+--------------+
| Clock Enable | Synchronous Set/Reset | Asynchronous Set/Reset | Total Registers | Total Slices |
+--------------+-----------------------+------------------------+-----------------+--------------+
| No           | No                    | No                     |              71 |           37 |
| No           | No                    | Yes                    |               0 |            0 |
| No           | Yes                   | No                     |              22 |           14 |
| Yes          | No                    | No                     |            1763 |         1028 |
| Yes          | No                    | Yes                    |               0 |            0 |
| Yes          | Yes                   | No                     |            1435 |          750 |
+--------------+-----------------------+------------------------+-----------------+--------------+


4. Detailed Control Set Information
-----------------------------------

+-------------------+-----------------------------------+-------------------------------------+------------------+----------------+--------------+
|    Clock Signal   |           Enable Signal           |           Set/Reset Signal          | Slice Load Count | Bel Load Count | Bels / Slice |
+-------------------+-----------------------------------+-------------------------------------+------------------+----------------+--------------+
|  z0/inst/clk_out1 |                                   | z8/vsync_i_1_n_0                    |                1 |              1 |         1.00 |
|  z0/inst/clk_out1 |                                   | z8/ltOp                             |                1 |              1 |         1.00 |
|  clk100_IBUF_BUFG |                                   | z8/frameDone0                       |                1 |              1 |         1.00 |
|  clk100_IBUF_BUFG | z2/PrintIndex[7]_i_1_n_0          |                                     |                3 |              4 |         1.33 |
|  clk100_IBUF_BUFG | z8/DataCount1629_out              |                                     |                3 |              4 |         1.33 |
|  z0/inst/clk_out1 |                                   | z8/backaddr[8]_i_1_n_0              |                6 |              9 |         1.50 |
|  clk100_IBUF_BUFG | z1/ypos[8]_i_1_n_0                |                                     |                5 |              9 |         1.80 |
|  clk100_IBUF_BUFG | z2/DataArray[64][ID]              | z2/DataArray[64][y_pos][8]_i_1_n_0  |                5 |              9 |         1.80 |
|  clk100_IBUF_BUFG | z2/DataArray[104][ID]             |                                     |                8 |             10 |         1.25 |
|  z0/inst/clk_out1 |                                   | z8/eqOp                             |                5 |             10 |         2.00 |
|  z0/inst/clk_out1 | z8/eqOp                           | z8/vcount[9]_i_1_n_0                |                3 |             10 |         3.33 |
|  clk100_IBUF_BUFG | z2/DataArray[98][ID]              |                                     |                7 |             10 |         1.43 |
|  clk100_IBUF_BUFG | z2/DataArray[102][ID]             |                                     |                6 |             10 |         1.67 |
|  clk100_IBUF_BUFG | z2/DataArray[40][ID]              |                                     |                5 |             10 |         2.00 |
|  clk100_IBUF_BUFG | z2/DataArray[13][ID]              |                                     |                5 |             10 |         2.00 |
|  clk100_IBUF_BUFG | z2/DataArray[99][ID]              |                                     |                6 |             10 |         1.67 |
|  clk100_IBUF_BUFG | z2/DataArray[100][ID]             |                                     |                4 |             10 |         2.50 |
|  clk100_IBUF_BUFG | z2/DataArray[95][ID]              |                                     |                8 |             10 |         1.25 |
|  clk100_IBUF_BUFG | z2/DataArray[12][ID]              |                                     |                5 |             10 |         2.00 |
|  clk100_IBUF_BUFG | z1/ID[9]_i_1_n_0                  |                                     |                5 |             10 |         2.00 |
|  clk100_IBUF_BUFG | z2/DataArray[14][ID]              |                                     |                5 |             10 |         2.00 |
|  clk100_IBUF_BUFG | z2/DataArray[39][ID]              |                                     |                7 |             10 |         1.43 |
|  clk100_IBUF_BUFG | z2/DataArray[103][ID]             |                                     |                5 |             10 |         2.00 |
|  clk100_IBUF_BUFG | z1/xpos[9]_i_1_n_0                |                                     |                6 |             10 |         1.67 |
|  clk100_IBUF_BUFG | z2/DataArray[101][ID]             |                                     |                5 |             10 |         2.00 |
|  clk100_IBUF_BUFG | z8/vcount_reg[9]_1[0]             |                                     |                5 |             10 |         2.00 |
|  clk100_IBUF_BUFG | z2/DataArray[0][y_pos][8]_i_2_n_0 |                                     |                5 |             10 |         2.00 |
|  clk100_IBUF_BUFG | z2/DataArray[37][ID]              |                                     |                5 |             10 |         2.00 |
|  clk100_IBUF_BUFG | z2/DataArray[31][ID]              |                                     |                7 |             10 |         1.43 |
|  clk100_IBUF_BUFG | z8/E[0]                           |                                     |                5 |             10 |         2.00 |
|  clk100_IBUF_BUFG | z2/DataArray[10][ID]              |                                     |                5 |             10 |         2.00 |
|  clk100_IBUF_BUFG | z2/DataArray[59][ID]              |                                     |                5 |             10 |         2.00 |
|  clk100_IBUF_BUFG | z2/DataArray[11][ID]              |                                     |                6 |             10 |         1.67 |
|  clk100_IBUF_BUFG | z2/DataArray[38][ID]              |                                     |                6 |             10 |         1.67 |
|  clk100_IBUF_BUFG | z2/DataArray[24][ID]              |                                     |                7 |             10 |         1.43 |
|  clk100_IBUF_BUFG | z2/DataArray[42][ID]              |                                     |                6 |             10 |         1.67 |
|  clk100_IBUF_BUFG | z2/DataArray[27][ID]              |                                     |                7 |             10 |         1.43 |
|  clk100_IBUF_BUFG | z2/DataArray[49][ID]              |                                     |                6 |             10 |         1.67 |
|  clk100_IBUF_BUFG | z2/DataArray[2][ID]               |                                     |                4 |             10 |         2.50 |
|  clk100_IBUF_BUFG | z2/DataArray[60][ID]              |                                     |                8 |             10 |         1.25 |
|  clk100_IBUF_BUFG | z2/DataArray[25][ID]              |                                     |                6 |             10 |         1.67 |
|  clk100_IBUF_BUFG | z2/DataArray[36][ID]              |                                     |                6 |             10 |         1.67 |
|  clk100_IBUF_BUFG | z2/DataArray[48][ID]              |                                     |                5 |             10 |         2.00 |
|  clk100_IBUF_BUFG | z2/DataArray[58][ID]              |                                     |                5 |             10 |         2.00 |
|  clk100_IBUF_BUFG | z2/DataArray[35][ID]              |                                     |                4 |             10 |         2.50 |
|  clk100_IBUF_BUFG | z2/DataArray[22][ID]              |                                     |                5 |             10 |         2.00 |
|  clk100_IBUF_BUFG | z2/DataArray[7][ID]               |                                     |                6 |             10 |         1.67 |
|  clk100_IBUF_BUFG | z2/DataArray[23][ID]              |                                     |                5 |             10 |         2.00 |
|  clk100_IBUF_BUFG | z2/DataArray[71][ID]              |                                     |                5 |             10 |         2.00 |
|  clk100_IBUF_BUFG | z2/DataArray[30][ID]              |                                     |                5 |             10 |         2.00 |
|  clk100_IBUF_BUFG | z2/DataArray[67][ID]              |                                     |                5 |             10 |         2.00 |
|  clk100_IBUF_BUFG | z2/DataArray[65][ID]              |                                     |                7 |             10 |         1.43 |
|  clk100_IBUF_BUFG | z2/DataArray[73][ID]              |                                     |                6 |             10 |         1.67 |
|  clk100_IBUF_BUFG | z2/DataArray[74][ID]              |                                     |                7 |             10 |         1.43 |
|  clk100_IBUF_BUFG | z2/DataArray[33][ID]              |                                     |                6 |             10 |         1.67 |
|  clk100_IBUF_BUFG | z2/DataArray[68][ID]              |                                     |                7 |             10 |         1.43 |
|  clk100_IBUF_BUFG | z2/DataArray[62][ID]              |                                     |                7 |             10 |         1.43 |
|  clk100_IBUF_BUFG | z2/DataArray[19][ID]              |                                     |                6 |             10 |         1.67 |
|  clk100_IBUF_BUFG | z2/DataArray[72][ID]              |                                     |                8 |             10 |         1.25 |
|  clk100_IBUF_BUFG | z2/DataArray[81][ID]              |                                     |                6 |             10 |         1.67 |
|  clk100_IBUF_BUFG | z2/DataArray[20][ID]              |                                     |                5 |             10 |         2.00 |
|  clk100_IBUF_BUFG | z2/DataArray[75][ID]              |                                     |                4 |             10 |         2.50 |
|  clk100_IBUF_BUFG | z2/DataArray[70][ID]              |                                     |                5 |             10 |         2.00 |
|  clk100_IBUF_BUFG | z2/DataArray[77][ID]              |                                     |                4 |             10 |         2.50 |
|  clk100_IBUF_BUFG | z2/DataArray[82][ID]              |                                     |                6 |             10 |         1.67 |
|  clk100_IBUF_BUFG | z2/DataArray[21][ID]              |                                     |                7 |             10 |         1.43 |
|  clk100_IBUF_BUFG | z2/DataArray[63][ID]              |                                     |                7 |             10 |         1.43 |
|  clk100_IBUF_BUFG | z2/DataArray[5][ID]               |                                     |                6 |             10 |         1.67 |
|  clk100_IBUF_BUFG | z2/DataArray[52][ID]              |                                     |                5 |             10 |         2.00 |
|  clk100_IBUF_BUFG | z2/DataArray[69][ID]              |                                     |                6 |             10 |         1.67 |
|  clk100_IBUF_BUFG | z2/DataArray[54][ID]              |                                     |                7 |             10 |         1.43 |
|  clk100_IBUF_BUFG | z2/DataArray[86][ID]              |                                     |                7 |             10 |         1.43 |
|  clk100_IBUF_BUFG | z2/DataArray[51][ID]              |                                     |                5 |             10 |         2.00 |
|  clk100_IBUF_BUFG | z2/DataArray[83][ID]              |                                     |                6 |             10 |         1.67 |
|  clk100_IBUF_BUFG | z2/DataArray[53][ID]              |                                     |                8 |             10 |         1.25 |
|  clk100_IBUF_BUFG | z2/DataArray[87][ID]              |                                     |                5 |             10 |         2.00 |
|  clk100_IBUF_BUFG | z2/DataArray[55][ID]              |                                     |                4 |             10 |         2.50 |
|  clk100_IBUF_BUFG | z2/DataArray[91][ID]              |                                     |                9 |             10 |         1.11 |
|  clk100_IBUF_BUFG | z2/DataArray[57][ID]              |                                     |                5 |             10 |         2.00 |
|  clk100_IBUF_BUFG | z2/DataArray[85][ID]              |                                     |                6 |             10 |         1.67 |
|  clk100_IBUF_BUFG | z2/DataArray[44][ID]              |                                     |                5 |             10 |         2.00 |
|  clk100_IBUF_BUFG | z2/DataArray[84][ID]              |                                     |                8 |             10 |         1.25 |
|  clk100_IBUF_BUFG | z1/data[15]_i_2_n_0               | z8/SS[0]                            |                4 |             16 |         4.00 |
|  z0/inst/clk_out1 |                                   |                                     |                8 |             16 |         2.00 |
|  clk100_IBUF_BUFG | z2/DataArray[27][ID]              | z2/DataArray[27][y_pos][8]_i_1_n_0  |                9 |             19 |         2.11 |
|  clk100_IBUF_BUFG | z2/DataArray[102][ID]             | z2/DataArray[102][y_pos][8]_i_1_n_0 |               13 |             19 |         1.46 |
|  clk100_IBUF_BUFG | z2/DataArray[13][ID]              | z2/DataArray[13][y_pos][8]_i_1_n_0  |                9 |             19 |         2.11 |
|  clk100_IBUF_BUFG | z2/DataArray[100][ID]             | z2/DataArray[100][y_pos][8]_i_1_n_0 |               13 |             19 |         1.46 |
|  clk100_IBUF_BUFG | z2/DataArray[12][ID]              | z2/DataArray[12][y_pos][8]_i_1_n_0  |               12 |             19 |         1.58 |
|  clk100_IBUF_BUFG | z2/DataArray[14][ID]              | z2/DataArray[14][y_pos][8]_i_1_n_0  |               11 |             19 |         1.73 |
|  clk100_IBUF_BUFG | z2/DataArray[103][ID]             | z2/DataArray[103][y_pos][8]_i_1_n_0 |               11 |             19 |         1.73 |
|  clk100_IBUF_BUFG | z2/DataArray[101][ID]             | z2/DataArray[101][y_pos][8]_i_1_n_0 |                9 |             19 |         2.11 |
|  clk100_IBUF_BUFG | z2/DataArray[0][y_pos][8]_i_2_n_0 | z2/DataArray[0][y_pos][8]_i_1_n_0   |                9 |             19 |         2.11 |
|  clk100_IBUF_BUFG | z2/DataArray[104][ID]             | z2/DataArray[104][y_pos][8]_i_1_n_0 |               13 |             19 |         1.46 |
|  clk100_IBUF_BUFG | z2/DataArray[10][ID]              | z2/DataArray[10][y_pos][8]_i_1_n_0  |               11 |             19 |         1.73 |
|  clk100_IBUF_BUFG | z2/DataArray[11][ID]              | z2/DataArray[11][y_pos][8]_i_1_n_0  |               12 |             19 |         1.58 |
|  clk100_IBUF_BUFG | z2/DataArray[24][ID]              | z2/DataArray[24][y_pos][8]_i_1_n_0  |               12 |             19 |         1.58 |
|  clk100_IBUF_BUFG | z2/DataArray[5][ID]               | z2/DataArray[5][y_pos][8]_i_1_n_0   |               12 |             19 |         1.58 |
|  clk100_IBUF_BUFG | z2/DataArray[2][ID]               | z2/DataArray[2][y_pos][8]_i_1_n_0   |                7 |             19 |         2.71 |
|  clk100_IBUF_BUFG | z2/DataArray[25][ID]              | z2/DataArray[25][y_pos][8]_i_1_n_0  |               10 |             19 |         1.90 |
|  clk100_IBUF_BUFG | z2/DataArray[48][ID]              | z2/DataArray[48][y_pos][8]_i_1_n_0  |                7 |             19 |         2.71 |
|  clk100_IBUF_BUFG | z2/DataArray[85][ID]              | z2/DataArray[85][y_pos][8]_i_1_n_0  |               11 |             19 |         1.73 |
|  clk100_IBUF_BUFG | z2/DataArray[65][ID]              | z2/DataArray[65][y_pos][8]_i_1_n_0  |               12 |             19 |         1.58 |
|  clk100_IBUF_BUFG | z2/DataArray[22][ID]              | z2/DataArray[22][y_pos][8]_i_1_n_0  |                9 |             19 |         2.11 |
|  clk100_IBUF_BUFG | z2/DataArray[23][ID]              | z2/DataArray[23][y_pos][8]_i_1_n_0  |               13 |             19 |         1.46 |
|  clk100_IBUF_BUFG | z2/DataArray[30][ID]              | z2/DataArray[30][y_pos][8]_i_1_n_0  |               12 |             19 |         1.58 |
|  clk100_IBUF_BUFG | z2/DataArray[84][ID]              | z2/DataArray[84][y_pos][8]_i_1_n_0  |               12 |             19 |         1.58 |
|  clk100_IBUF_BUFG | z2/DataArray[31][ID]              | z2/DataArray[31][y_pos][8]_i_1_n_0  |                8 |             19 |         2.38 |
|  clk100_IBUF_BUFG | z2/DataArray[33][ID]              | z2/DataArray[33][y_pos][8]_i_1_n_0  |               10 |             19 |         1.90 |
|  clk100_IBUF_BUFG | z2/PrintIndex[7]_i_1_n_0          | z8/FSM_onehot_state_reg[0]          |                9 |             19 |         2.11 |
|  clk100_IBUF_BUFG | z2/DataArray[19][ID]              | z2/DataArray[19][y_pos][8]_i_1_n_0  |                8 |             19 |         2.38 |
|  clk100_IBUF_BUFG | z2/DataArray[98][ID]              | z2/DataArray[98][y_pos][8]_i_1_n_0  |               11 |             19 |         1.73 |
|  clk100_IBUF_BUFG | z2/DataArray[20][ID]              | z2/DataArray[20][y_pos][8]_i_1_n_0  |                8 |             19 |         2.38 |
|  clk100_IBUF_BUFG | z2/DataArray[73][ID]              | z2/DataArray[73][y_pos][8]_i_1_n_0  |                7 |             19 |         2.71 |
|  clk100_IBUF_BUFG | z2/DataArray[99][ID]              | z2/DataArray[99][y_pos][8]_i_1_n_0  |               10 |             19 |         1.90 |
|  clk100_IBUF_BUFG | z2/DataArray[58][ID]              | z2/DataArray[58][y_pos][8]_i_1_n_0  |               11 |             19 |         1.73 |
|  clk100_IBUF_BUFG | z2/DataArray[21][ID]              | z2/DataArray[21][y_pos][8]_i_1_n_0  |                9 |             19 |         2.11 |
|  clk100_IBUF_BUFG | z2/DataArray[95][ID]              | z2/DataArray[95][y_pos][8]_i_1_n_0  |                8 |             19 |         2.38 |
|  clk100_IBUF_BUFG | z2/DataArray[52][ID]              | z2/DataArray[52][y_pos][8]_i_1_n_0  |                7 |             19 |         2.71 |
|  clk100_IBUF_BUFG | z2/DataArray[54][ID]              | z2/DataArray[54][x_pos][9]_i_1_n_0  |                9 |             19 |         2.11 |
|  clk100_IBUF_BUFG | z2/DataArray[51][ID]              | z2/DataArray[51][y_pos][8]_i_1_n_0  |                8 |             19 |         2.38 |
|  clk100_IBUF_BUFG | z2/DataArray[53][ID]              | z2/DataArray[53][y_pos][8]_i_1_n_0  |               11 |             19 |         1.73 |
|  clk100_IBUF_BUFG | z2/DataArray[55][ID]              | z2/DataArray[55][y_pos][8]_i_1_n_0  |                7 |             19 |         2.71 |
|  clk100_IBUF_BUFG | z2/DataArray[57][ID]              | z2/DataArray[57][y_pos][8]_i_1_n_0  |               12 |             19 |         1.58 |
|  clk100_IBUF_BUFG | z2/DataArray[44][ID]              | z2/DataArray[44][y_pos][8]_i_1_n_0  |               10 |             19 |         1.90 |
|  clk100_IBUF_BUFG | z2/DataArray[7][ID]               | z2/DataArray[7][y_pos][8]_i_1_n_0   |                8 |             19 |         2.38 |
|  clk100_IBUF_BUFG | z2/DataArray[40][ID]              | z2/DataArray[40][y_pos][8]_i_1_n_0  |               11 |             19 |         1.73 |
|  clk100_IBUF_BUFG | z2/DataArray[38][ID]              | z2/DataArray[38][y_pos][8]_i_1_n_0  |                9 |             19 |         2.11 |
|  clk100_IBUF_BUFG | z2/DataArray[59][ID]              | z2/DataArray[59][y_pos][8]_i_1_n_0  |               10 |             19 |         1.90 |
|  clk100_IBUF_BUFG | z2/DataArray[39][ID]              | z2/DataArray[39][y_pos][8]_i_1_n_0  |                9 |             19 |         2.11 |
|  clk100_IBUF_BUFG | z8/vcount_reg[9]_1[0]             | z2/DataArray[78][y_pos][8]_i_1_n_0  |               12 |             19 |         1.58 |
|  clk100_IBUF_BUFG | z2/DataArray[37][ID]              | z2/DataArray[37][y_pos][8]_i_1_n_0  |                9 |             19 |         2.11 |
|  clk100_IBUF_BUFG | z2/DataArray[35][ID]              | z2/DataArray[35][y_pos][8]_i_1_n_0  |               10 |             19 |         1.90 |
|  clk100_IBUF_BUFG | z2/DataArray[62][ID]              | z2/DataArray[62][y_pos][8]_i_1_n_0  |               10 |             19 |         1.90 |
|  clk100_IBUF_BUFG | z2/DataArray[68][ID]              | z2/DataArray[68][y_pos][8]_i_1_n_0  |               12 |             19 |         1.58 |
|  clk100_IBUF_BUFG | z8/E[0]                           | z2/DataArray[88][y_pos][8]_i_1_n_0  |               12 |             19 |         1.58 |
|  clk100_IBUF_BUFG | z2/DataArray[72][ID]              | z2/DataArray[72][y_pos][8]_i_1_n_0  |               10 |             19 |         1.90 |
|  clk100_IBUF_BUFG | z2/DataArray[74][ID]              | z2/DataArray[74][y_pos][8]_i_1_n_0  |                7 |             19 |         2.71 |
|  clk100_IBUF_BUFG | z2/DataArray[81][ID]              | z2/DataArray[81][y_pos][8]_i_1_n_0  |                8 |             19 |         2.38 |
|  clk100_IBUF_BUFG | z2/DataArray[75][ID]              | z2/DataArray[75][y_pos][8]_i_1_n_0  |                9 |             19 |         2.11 |
|  clk100_IBUF_BUFG | z2/DataArray[70][ID]              | z2/DataArray[70][y_pos][8]_i_1_n_0  |                9 |             19 |         2.11 |
|  clk100_IBUF_BUFG | z2/DataArray[42][ID]              | z2/DataArray[42][y_pos][8]_i_1_n_0  |                9 |             19 |         2.11 |
|  clk100_IBUF_BUFG | z2/DataArray[77][ID]              | z2/DataArray[77][y_pos][8]_i_1_n_0  |               16 |             19 |         1.19 |
|  clk100_IBUF_BUFG | z2/DataArray[82][ID]              | z2/DataArray[82][y_pos][8]_i_1_n_0  |               10 |             19 |         1.90 |
|  clk100_IBUF_BUFG | z2/DataArray[71][ID]              | z2/DataArray[71][y_pos][8]_i_1_n_0  |               11 |             19 |         1.73 |
|  clk100_IBUF_BUFG | z2/DataArray[63][ID]              | z2/DataArray[63][y_pos][8]_i_1_n_0  |               13 |             19 |         1.46 |
|  clk100_IBUF_BUFG | z2/DataArray[69][ID]              | z2/DataArray[69][y_pos][8]_i_1_n_0  |               12 |             19 |         1.58 |
|  clk100_IBUF_BUFG | z2/DataArray[36][ID]              | z2/DataArray[36][y_pos][8]_i_1_n_0  |                9 |             19 |         2.11 |
|  clk100_IBUF_BUFG | z2/DataArray[86][ID]              | z2/DataArray[86][y_pos][8]_i_1_n_0  |               11 |             19 |         1.73 |
|  clk100_IBUF_BUFG | z2/DataArray[67][ID]              | z2/DataArray[67][y_pos][8]_i_1_n_0  |               13 |             19 |         1.46 |
|  clk100_IBUF_BUFG | z2/DataArray[83][ID]              | z2/DataArray[83][y_pos][8]_i_1_n_0  |                6 |             19 |         3.17 |
|  clk100_IBUF_BUFG | z2/DataArray[49][ID]              | z2/DataArray[49][y_pos][8]_i_1_n_0  |               14 |             19 |         1.36 |
|  clk100_IBUF_BUFG | z2/DataArray[87][ID]              | z2/DataArray[87][y_pos][8]_i_1_n_0  |               13 |             19 |         1.46 |
|  clk100_IBUF_BUFG | z2/DataArray[60][ID]              | z2/DataArray[60][y_pos][8]_i_1_n_0  |               11 |             19 |         1.73 |
|  clk100_IBUF_BUFG | z2/DataArray[91][ID]              | z2/DataArray[91][y_pos][8]_i_1_n_0  |                9 |             19 |         2.11 |
|  clk100_IBUF_BUFG | z8/FSM_onehot_state_reg[3][0]     |                                     |                7 |             20 |         2.86 |
|  clk100_IBUF_BUFG | z2/DataArray[64][ID]              |                                     |               12 |             20 |         1.67 |
|  clk100_IBUF_BUFG | z2/DataArray[32][ID]              |                                     |               19 |             29 |         1.53 |
|  clk100_IBUF_BUFG | z2/DataArray[29][ID]              |                                     |               13 |             29 |         2.23 |
|  clk100_IBUF_BUFG | z2/DataArray[26][ID]              |                                     |               19 |             29 |         1.53 |
|  clk100_IBUF_BUFG | z2/DataArray[15][ID]              |                                     |               19 |             29 |         1.53 |
|  clk100_IBUF_BUFG | z2/DataArray[1][ID]               |                                     |               18 |             29 |         1.61 |
|  clk100_IBUF_BUFG | z2/DataArray[28][ID]              |                                     |               16 |             29 |         1.81 |
|  clk100_IBUF_BUFG | z2/DataArray[18][ID]              |                                     |               16 |             29 |         1.81 |
|  clk100_IBUF_BUFG | z2/DataArray[17][ID]              |                                     |               18 |             29 |         1.61 |
|  clk100_IBUF_BUFG | z2/DataArray[41][ID]              |                                     |               16 |             29 |         1.81 |
|  clk100_IBUF_BUFG | z2/DataArray[50][ID]              |                                     |               14 |             29 |         2.07 |
|  clk100_IBUF_BUFG | z2/DataArray[47][ID]              |                                     |               19 |             29 |         1.53 |
|  clk100_IBUF_BUFG | z2/DataArray[34][ID]              |                                     |               14 |             29 |         2.07 |
|  clk100_IBUF_BUFG | z2/DataArray[61][ID]              |                                     |               15 |             29 |         1.93 |
|  clk100_IBUF_BUFG | z2/DataArray[4][ID]               |                                     |               16 |             29 |         1.81 |
|  clk100_IBUF_BUFG | z2/DataArray[9][ID]               |                                     |               20 |             29 |         1.45 |
|  clk100_IBUF_BUFG | z2/DataArray[45][ID]              |                                     |               14 |             29 |         2.07 |
|  clk100_IBUF_BUFG | z2/DataArray[66][ID]              |                                     |               14 |             29 |         2.07 |
|  clk100_IBUF_BUFG | z2/DataArray[56][ID]              |                                     |               16 |             29 |         1.81 |
|  clk100_IBUF_BUFG | z2/DataArray[96][ID]              |                                     |               17 |             29 |         1.71 |
|  clk100_IBUF_BUFG | z2/DataArray[97][ID]              |                                     |               18 |             29 |         1.61 |
|  clk100_IBUF_BUFG | z2/DataArray[6][ID]               |                                     |               14 |             29 |         2.07 |
|  clk100_IBUF_BUFG | z2/DataArray[3][ID]               |                                     |               17 |             29 |         1.71 |
|  clk100_IBUF_BUFG | z2/DataArray[16][ID]              |                                     |               20 |             29 |         1.45 |
|  clk100_IBUF_BUFG | z2/DataArray[76][ID]              |                                     |               16 |             29 |         1.81 |
|  clk100_IBUF_BUFG | z2/DataArray[80][ID]              |                                     |               21 |             29 |         1.38 |
|  clk100_IBUF_BUFG | z2/DataArray[92][ID]              |                                     |               19 |             29 |         1.53 |
|  clk100_IBUF_BUFG | z2/DataArray[93][ID]              |                                     |               14 |             29 |         2.07 |
|  clk100_IBUF_BUFG | z8/vcount_reg[9]_2[0]             |                                     |               19 |             29 |         1.53 |
|  clk100_IBUF_BUFG | z2/DataArray[46][ID]              |                                     |               21 |             29 |         1.38 |
|  clk100_IBUF_BUFG | z2/DataArray[8][ID]               |                                     |               15 |             29 |         1.93 |
|  clk100_IBUF_BUFG | z2/DataArray[79][ID]              |                                     |               16 |             29 |         1.81 |
|  clk100_IBUF_BUFG | z2/DataArray[90][ID]              |                                     |               18 |             29 |         1.61 |
|  clk100_IBUF_BUFG | z2/DataArray[43][ID]              |                                     |               17 |             29 |         1.71 |
|  clk100_IBUF_BUFG | z2/DataArray[94][ID]              |                                     |               19 |             29 |         1.53 |
|  clk100_IBUF_BUFG | z2/DataCount                      | z8/vcount_reg[9]_0                  |               14 |             51 |         3.64 |
|  clk100_IBUF_BUFG |                                   |                                     |               29 |             59 |         2.03 |
+-------------------+-----------------------------------+-------------------------------------+------------------+----------------+--------------+


