#-----------------------------------------------------------
# Vivado v2023.2 (64-bit)
# SW Build 4029153 on Fri Oct 13 20:14:34 MDT 2023
# IP Build 4028589 on Sat Oct 14 00:45:43 MDT 2023
# SharedData Build 4025554 on Tue Oct 10 17:18:54 MDT 2023
# Start of session at: Sun Mar 10 19:58:11 2024
# Process ID: 17144
# Current directory: C:/Progh/VideoKaartMicroBlaze_second_edition.xpr/VideoKaartMicroBlaze/VideoKaartMicroBlaze.runs/PmodIPs_clk_wiz_0_0_synth_1
# Command line: vivado.exe -log PmodIPs_clk_wiz_0_0.vds -product Vivado -mode batch -messageDb vivado.pb -notrace -source PmodIPs_clk_wiz_0_0.tcl
# Log file: C:/Progh/VideoKaartMicroBlaze_second_edition.xpr/VideoKaartMicroBlaze/VideoKaartMicroBlaze.runs/PmodIPs_clk_wiz_0_0_synth_1/PmodIPs_clk_wiz_0_0.vds
# Journal file: C:/Progh/VideoKaartMicroBlaze_second_edition.xpr/VideoKaartMicroBlaze/VideoKaartMicroBlaze.runs/PmodIPs_clk_wiz_0_0_synth_1\vivado.jou
# Running On: Laptop-Ben-T, OS: Windows, CPU Frequency: 1797 MHz, CPU Physical cores: 16, Host memory: 14887 MB
#-----------------------------------------------------------
source PmodIPs_clk_wiz_0_0.tcl -notrace
