#-----------------------------------------------------------
# Vivado v2023.2 (64-bit)
# SW Build 4029153 on Fri Oct 13 20:14:34 MDT 2023
# IP Build 4028589 on Sat Oct 14 00:45:43 MDT 2023
# SharedData Build 4025554 on Tue Oct 10 17:18:54 MDT 2023
# Start of session at: Sun Mar 10 14:29:44 2024
# Process ID: 28252
# Current directory: C:/progh/VideoKaartMicroBlaze/VideoKaartMicroBlaze.runs/PmodIPs_ilmb_v10_0_synth_1
# Command line: vivado.exe -log PmodIPs_ilmb_v10_0.vds -product Vivado -mode batch -messageDb vivado.pb -notrace -source PmodIPs_ilmb_v10_0.tcl
# Log file: C:/progh/VideoKaartMicroBlaze/VideoKaartMicroBlaze.runs/PmodIPs_ilmb_v10_0_synth_1/PmodIPs_ilmb_v10_0.vds
# Journal file: C:/progh/VideoKaartMicroBlaze/VideoKaartMicroBlaze.runs/PmodIPs_ilmb_v10_0_synth_1\vivado.jou
# Running On: Desktop-Joey, OS: Windows, CPU Frequency: 3400 MHz, CPU Physical cores: 16, Host memory: 34281 MB
#-----------------------------------------------------------
source PmodIPs_ilmb_v10_0.tcl -notrace
