#-----------------------------------------------------------
# Vivado v2023.2 (64-bit)
# SW Build 4029153 on Fri Oct 13 20:14:34 MDT 2023
# IP Build 4028589 on Sat Oct 14 00:45:43 MDT 2023
# SharedData Build 4025554 on Tue Oct 10 17:18:54 MDT 2023
# Start of session at: Mon Mar 11 09:44:18 2024
# Process ID: 9544
# Current directory: C:/github/RetroGame/VHDL/VideoKaartMicroBlaze
# Command line: vivado.exe -gui_launcher_event rodinguilauncherevent16280 C:\github\RetroGame\VHDL\VideoKaartMicroBlaze\VideoKaartMicroBlaze.xpr
# Log file: C:/github/RetroGame/VHDL/VideoKaartMicroBlaze/vivado.log
# Journal file: C:/github/RetroGame/VHDL/VideoKaartMicroBlaze\vivado.jou
# Running On: Desktop-Joey, OS: Windows, CPU Frequency: 3400 MHz, CPU Physical cores: 16, Host memory: 34281 MB
#-----------------------------------------------------------
start_gui
open_project C:/github/RetroGame/VHDL/VideoKaartMicroBlaze/VideoKaartMicroBlaze.xpr
update_compile_order -fileset sources_1
set_property is_enabled true [get_files  C:/github/RetroGame/VHDL/VideoKaartMicroBlaze/VideoKaartMicroBlaze.srcs/sources_1/imports/sources_1/new/InterfaceController.vhd]
open_bd_design {C:/github/RetroGame/VHDL/VideoKaartMicroBlaze/VideoKaartMicroBlaze.srcs/sources_1/bd/PmodIPs/PmodIPs.bd}
reset_run synth_1
launch_runs impl_1 -to_step write_bitstream -jobs 16
wait_on_run impl_1
write_hw_platform -fixed -include_bit -force -file C:/github/RetroGame/VHDL/VideoKaartMicroBlaze/GPURetro.xsa
create_ip_run [get_files -of_objects [get_fileset sources_1] C:/github/RetroGame/VHDL/VideoKaartMicroBlaze/VideoKaartMicroBlaze.srcs/sources_1/bd/PmodIPs/PmodIPs.bd]
synth_design -rtl -rtl_skip_mlo -name rtl_1
place_ports datareadyout W18
save_constraints
reset_run synth_1
launch_runs impl_1 -to_step write_bitstream -jobs 16
wait_on_run impl_1
open_hw_manager
connect_hw_server -allow_non_jtag
connect_hw_server -allow_non_jtag
connect_hw_server -allow_non_jtag
connect_hw_server -allow_non_jtag
connect_hw_server -allow_non_jtag
connect_hw_server -allow_non_jtag
connect_hw_server -allow_non_jtag
